<html>
<body>
<pre>
<h1>µVision3 Build Log</h1>
<h2>Project:</h2>
F:\stm32\stm-fd\software\sample-V2\STM32_FD_USB-SST25\Project\Mass_Storage\RVMDK\stm32-fd-sd-usb.uv2
Project File Date:  07/28/2010

<h2>Output:</h2>
Build target 'stm32-fd-sd-usb'
compiling mass_mal.c...
..\src\mass_mal.c(144): warning:  #223-D: function "SST25_W_BLOCK" declared implicitly
..\src\mass_mal.c(174): warning:  #223-D: function "SST25_R_BLOCK" declared implicitly
..\src\mass_mal.c(210): warning:  #223-D: function "FlashReadID" declared implicitly
..\src\mass_mal.c(219): warning:  #223-D: function "printf" declared implicitly
..\src\mass_mal.c(219): warning:  #870-D: invalid multibyte character sequence
..\src\mass_mal.c(219): warning:  #870-D: invalid multibyte character sequence
..\src\mass_mal.c(219): warning:  #870-D: invalid multibyte character sequence
..\src\mass_mal.c(219): warning:  #870-D: invalid multibyte character sequence
..\src\mass_mal.c(219): warning:  #870-D: invalid multibyte character sequence
..\src\mass_mal.c(219): warning:  #870-D: invalid multibyte character sequence
..\src\mass_mal.c(219): warning:  #870-D: invalid multibyte character sequence
..\src\mass_mal.c(219): warning:  #870-D: invalid multibyte character sequence
..\src\mass_mal.c(199): warning:  #177-D: variable "NAND_ID" was declared but never referenced
..\src\mass_mal.c(200): warning:  #177-D: variable "DeviceSizeMul" was declared but never referenced
..\src\mass_mal.c(200): warning:  #177-D: variable "NumberOfBlocks" was declared but never referenced
compiling memory.c...
compiling scsi_data.c...
linking...
Program Size: Code=33568 RO-data=644 RW-data=664 ZI-data=11504  
FromELF: creating hex file...
"stm32-fd-sd-usb.axf" - 0 Error(s), 15 Warning(s).
Build target 'stm32-fd-sd-usb'
linking...
Program Size: Code=33568 RO-data=644 RW-data=664 ZI-data=11504  
FromELF: creating hex file...
"stm32-fd-sd-usb.axf" - 0 Error(s), 0 Warning(s).
Build target 'stm32-fd-sd-usb'
compiling fsmc_nand.c...
compiling hw_config.c...
..\src\hw_config.c(51): warning:  #223-D: function "Serial_Init" declared implicitly
compiling main.c...
..\src\main.c(50): warning:  #223-D: function "SPI_Flash_Init" declared implicitly
compiling mass_mal.c...
..\src\mass_mal.c(144): warning:  #223-D: function "SST25_W_BLOCK" declared implicitly
..\src\mass_mal.c(174): warning:  #223-D: function "SST25_R_BLOCK" declared implicitly
..\src\mass_mal.c(210): warning:  #223-D: function "FlashReadID" declared implicitly
..\src\mass_mal.c(219): warning:  #223-D: function "printf" declared implicitly
..\src\mass_mal.c(219): warning:  #870-D: invalid multibyte character sequence
..\src\mass_mal.c(219): warning:  #870-D: invalid multibyte character sequence
..\src\mass_mal.c(219): warning:  #870-D: invalid multibyte character sequence
..\src\mass_mal.c(219): warning:  #870-D: invalid multibyte character sequence
..\src\mass_mal.c(219): warning:  #870-D: invalid multibyte character sequence
..\src\mass_mal.c(219): warning:  #870-D: invalid multibyte character sequence
..\src\mass_mal.c(219): warning:  #870-D: invalid multibyte character sequence
..\src\mass_mal.c(219): warning:  #870-D: invalid multibyte character sequence
..\src\mass_mal.c(199): warning:  #177-D: variable "NAND_ID" was declared but never referenced
..\src\mass_mal.c(200): warning:  #177-D: variable "DeviceSizeMul" was declared but never referenced
..\src\mass_mal.c(200): warning:  #177-D: variable "NumberOfBlocks" was declared but never referenced
compiling memory.c...
compiling nand_if.c...
compiling scsi_data.c...
compiling sdcard.c...
compiling stm32f10x_it.c...
compiling usb_bot.c...
compiling usb_desc.c...
compiling usb_endp.c...
compiling usb_istr.c...
compiling usb_prop.c...
compiling usb_pwr.c...
compiling usb_scsi.c...
compiling SPI_Flash.c...
..\src\SPI_Flash.h(37): warning:  #1295-D: Deprecated declaration FlashReadID - give arg types
..\src\SPI_Flash.c(28): warning:  #177-D: variable "a2" was declared but never referenced
..\src\SPI_Flash.c(68): warning:  #177-D: variable "a3" was declared but never referenced
..\src\SPI_Flash.c(210): warning:  #177-D: variable "i" was declared but never referenced
compiling otgd_fs_cal.c...
compiling otgd_fs_dev.c...
compiling otgd_fs_int.c...
compiling otgd_fs_pcd.c...
compiling usb_core.c...
compiling usb_init.c...
compiling usb_int.c...
compiling usb_mem.c...
compiling usb_regs.c...
compiling usb_sil.c...
compiling stm32f10x_spi.c...
compiling stm32f10x_usart.c...
compiling misc.c...
compiling stm32f10x_dma.c...
compiling stm32f10x_exti.c...
compiling stm32f10x_flash.c...
compiling stm32f10x_fsmc.c...
compiling stm32f10x_gpio.c...
compiling stm32f10x_rcc.c...
compiling stm32f10x_sdio.c...
assembling startup_stm32f10x_hd.s...
compiling core_cm3.c...
compiling system_stm32f10x.c...
compiling stm32_eval.c...
linking...
Program Size: Code=33568 RO-data=644 RW-data=664 ZI-data=11504  
FromELF: creating hex file...
"stm32-fd-sd-usb.axf" - 0 Error(s), 21 Warning(s).
Build target 'stm32-fd-sd-usb'
linking...
stm32-fd-sd-usb.axf: Error: L6218E: Undefined symbol NAND_Init (referred from mass_mal.o).
stm32-fd-sd-usb.axf: Error: L6218E: Undefined symbol SD_ProcessIRQSrc (referred from stm32f10x_it.o).
stm32-fd-sd-usb.axf: Error: L6218E: Undefined symbol NAND_Format (referred from usb_scsi.o).
Target not created
Build target 'stm32-fd-sd-usb'
compiling mass_mal.c...
..\src\mass_mal.c(110): warning:  #223-D: function "SST25_W_BLOCK" declared implicitly
..\src\mass_mal.c(140): warning:  #223-D: function "SST25_R_BLOCK" declared implicitly
..\src\mass_mal.c(176): warning:  #223-D: function "FlashReadID" declared implicitly
..\src\mass_mal.c(185): warning:  #223-D: function "printf" declared implicitly
..\src\mass_mal.c(185): warning:  #870-D: invalid multibyte character sequence
..\src\mass_mal.c(185): warning:  #870-D: invalid multibyte character sequence
..\src\mass_mal.c(185): warning:  #870-D: invalid multibyte character sequence
..\src\mass_mal.c(185): warning:  #870-D: invalid multibyte character sequence
..\src\mass_mal.c(185): warning:  #870-D: invalid multibyte character sequence
..\src\mass_mal.c(185): warning:  #870-D: invalid multibyte character sequence
..\src\mass_mal.c(185): warning:  #870-D: invalid multibyte character sequence
..\src\mass_mal.c(185): warning:  #870-D: invalid multibyte character sequence
..\src\mass_mal.c(165): warning:  #177-D: variable "NAND_ID" was declared but never referenced
..\src\mass_mal.c(166): warning:  #177-D: variable "DeviceSizeMul" was declared but never referenced
..\src\mass_mal.c(166): warning:  #177-D: variable "NumberOfBlocks" was declared but never referenced
compiling stm32f10x_it.c...
compiling usb_scsi.c...
linking...
Program Size: Code=19284 RO-data=644 RW-data=600 ZI-data=9360  
FromELF: creating hex file...
"stm32-fd-sd-usb.axf" - 0 Error(s), 15 Warning(s).
Build target 'stm32-fd-sd-usb'
linking...
Program Size: Code=19284 RO-data=644 RW-data=600 ZI-data=9360  
FromELF: creating hex file...
"stm32-fd-sd-usb.axf" - 0 Error(s), 0 Warning(s).
Build target 'stm32-fd-sd-usb'
linking...
Program Size: Code=19284 RO-data=644 RW-data=600 ZI-data=9360  
FromELF: creating hex file...
"stm32-fd-sd-usb.axf" - 0 Error(s), 0 Warning(s).
Build target 'stm32-fd-sd-usb'
compiling hw_config.c...
..\src\hw_config.c(51): warning:  #223-D: function "Serial_Init" declared implicitly
compiling main.c...
..\src\main.c(50): warning:  #223-D: function "SPI_Flash_Init" declared implicitly
compiling mass_mal.c...
..\src\mass_mal.c(110): warning:  #223-D: function "SST25_W_BLOCK" declared implicitly
..\src\mass_mal.c(140): warning:  #223-D: function "SST25_R_BLOCK" declared implicitly
..\src\mass_mal.c(176): warning:  #223-D: function "FlashReadID" declared implicitly
..\src\mass_mal.c(185): warning:  #223-D: function "printf" declared implicitly
..\src\mass_mal.c(185): warning:  #870-D: invalid multibyte character sequence
..\src\mass_mal.c(185): warning:  #870-D: invalid multibyte character sequence
..\src\mass_mal.c(185): warning:  #870-D: invalid multibyte character sequence
..\src\mass_mal.c(185): warning:  #870-D: invalid multibyte character sequence
..\src\mass_mal.c(185): warning:  #870-D: invalid multibyte character sequence
..\src\mass_mal.c(185): warning:  #870-D: invalid multibyte character sequence
..\src\mass_mal.c(185): warning:  #870-D: invalid multibyte character sequence
..\src\mass_mal.c(185): warning:  #870-D: invalid multibyte character sequence
..\src\mass_mal.c(165): warning:  #177-D: variable "NAND_ID" was declared but never referenced
..\src\mass_mal.c(166): warning:  #177-D: variable "DeviceSizeMul" was declared but never referenced
..\src\mass_mal.c(166): warning:  #177-D: variable "NumberOfBlocks" was declared but never referenced
compiling memory.c...
compiling scsi_data.c...
compiling stm32f10x_it.c...
compiling usb_bot.c...
compiling usb_desc.c...
compiling usb_endp.c...
compiling usb_istr.c...
compiling usb_prop.c...
compiling usb_pwr.c...
compiling usb_scsi.c...
compiling SPI_Flash.c...
..\src\SPI_Flash.h(37): warning:  #1295-D: Deprecated declaration FlashReadID - give arg types
..\src\SPI_Flash.c(28): warning:  #177-D: variable "a2" was declared but never referenced
..\src\SPI_Flash.c(68): warning:  #177-D: variable "a3" was declared but never referenced
..\src\SPI_Flash.c(210): warning:  #177-D: variable "i" was declared but never referenced
compiling usb_core.c...
compiling usb_init.c...
compiling usb_int.c...
compiling usb_mem.c...
compiling usb_regs.c...
compiling usb_sil.c...
compiling stm32f10x_spi.c...
compiling stm32f10x_usart.c...
compiling misc.c...
compiling stm32f10x_exti.c...
compiling stm32f10x_flash.c...
compiling stm32f10x_gpio.c...
compiling stm32f10x_rcc.c...
assembling startup_stm32f10x_hd.s...
compiling core_cm3.c...
compiling system_stm32f10x.c...
compiling stm32_eval.c...
linking...
Program Size: Code=19284 RO-data=644 RW-data=600 ZI-data=9360  
FromELF: creating hex file...
"stm32-fd-sd-usb.axf" - 0 Error(s), 21 Warning(s).
Build target 'stm32-fd-sd-usb'
compiling mass_mal.c...
..\src\mass_mal.c(110): warning:  #223-D: function "SST25_W_BLOCK" declared implicitly
..\src\mass_mal.c(140): warning:  #223-D: function "SST25_R_BLOCK" declared implicitly
..\src\mass_mal.c(168): warning:  #223-D: function "FlashReadID" declared implicitly
..\src\mass_mal.c(177): warning:  #223-D: function "printf" declared implicitly
compiling SPI_Flash.c...
linking...
Program Size: Code=19272 RO-data=644 RW-data=600 ZI-data=9360  
FromELF: creating hex file...
"stm32-fd-sd-usb.axf" - 0 Error(s), 4 Warning(s).
Build target 'stm32-fd-sd-usb'
compiling mass_mal.c...
..\src\mass_mal.c(110): warning:  #223-D: function "SST25_W_BLOCK" declared implicitly
..\src\mass_mal.c(140): warning:  #223-D: function "SST25_R_BLOCK" declared implicitly
..\src\mass_mal.c(168): warning:  #223-D: function "FlashReadID" declared implicitly
linking...
Program Size: Code=19272 RO-data=644 RW-data=600 ZI-data=9360  
FromELF: creating hex file...
"stm32-fd-sd-usb.axf" - 0 Error(s), 3 Warning(s).
Build target 'stm32-fd-sd-usb'
compiling stm32f10x_it.c...
linking...
Program Size: Code=19272 RO-data=644 RW-data=600 ZI-data=9360  
FromELF: creating hex file...
"stm32-fd-sd-usb.axf" - 0 Error(s), 0 Warning(s).
Build target 'stm32-fd-sd-usb'
compiling hw_config.c...
..\src\hw_config.c(51): warning:  #223-D: function "Serial_Init" declared implicitly
compiling main.c...
..\src\main.c(50): warning:  #223-D: function "SPI_Flash_Init" declared implicitly
linking...
Program Size: Code=19252 RO-data=644 RW-data=600 ZI-data=9360  
FromELF: creating hex file...
"stm32-fd-sd-usb.axf" - 0 Error(s), 2 Warning(s).
Build target 'stm32-fd-sd-usb'
compiling main.c...
..\src\main.c(50): warning:  #223-D: function "SPI_Flash_Init" declared implicitly
compiling mass_mal.c...
..\src\mass_mal.c(19): error:  #5: cannot open source input file "sdcard.h": No such file or directory
compiling usb_scsi.c...
..\src\usb_scsi.c(23): error:  #5: cannot open source input file "nand_if.h": No such file or directory
Target not created
Build target 'stm32-fd-sd-usb'
compiling mass_mal.c...
..\src\mass_mal.c(43): error:  #20: identifier "SD_CardInfo" is undefined
..\src\mass_mal.c(52): error:  #20: identifier "SD_CardInfo" is undefined
..\src\mass_mal.c(104): warning:  #223-D: function "SST25_W_BLOCK" declared implicitly
..\src\mass_mal.c(134): warning:  #223-D: function "SST25_R_BLOCK" declared implicitly
..\src\mass_mal.c(162): warning:  #223-D: function "FlashReadID" declared implicitly
Target not created
Build target 'stm32-fd-sd-usb'
compiling mass_mal.c...
..\src\mass_mal.c(101): warning:  #223-D: function "SST25_W_BLOCK" declared implicitly
..\src\mass_mal.c(131): warning:  #223-D: function "SST25_R_BLOCK" declared implicitly
..\src\mass_mal.c(159): warning:  #223-D: function "FlashReadID" declared implicitly
linking...
Program Size: Code=19252 RO-data=644 RW-data=600 ZI-data=9360  
FromELF: creating hex file...
"stm32-fd-sd-usb.axf" - 0 Error(s), 3 Warning(s).
Build target 'stm32-fd-sd-usb'
compiling hw_config.c...
..\src\hw_config.c(51): warning:  #223-D: function "Serial_Init" declared implicitly
compiling main.c...
..\src\main.c(50): warning:  #223-D: function "SPI_Flash_Init" declared implicitly
compiling mass_mal.c...
..\src\mass_mal.c(101): warning:  #223-D: function "SST25_W_BLOCK" declared implicitly
..\src\mass_mal.c(131): warning:  #223-D: function "SST25_R_BLOCK" declared implicitly
..\src\mass_mal.c(159): warning:  #223-D: function "FlashReadID" declared implicitly
compiling memory.c...
compiling scsi_data.c...
compiling stm32f10x_it.c...
compiling usb_bot.c...
compiling usb_desc.c...
compiling usb_endp.c...
compiling usb_istr.c...
compiling usb_prop.c...
compiling usb_pwr.c...
compiling usb_scsi.c...
..\src\usb_scsi.c(23): error:  #5: cannot open source input file "nand_if.h": No such file or directory
compiling SPI_Flash.c...
compiling usb_core.c...
compiling usb_init.c...
compiling usb_int.c...
compiling usb_mem.c...
compiling usb_regs.c...
compiling usb_sil.c...
compiling stm32f10x_spi.c...
compiling stm32f10x_usart.c...
compiling misc.c...
compiling stm32f10x_exti.c...
compiling stm32f10x_flash.c...
compiling stm32f10x_gpio.c...
compiling stm32f10x_rcc.c...
assembling startup_stm32f10x_hd.s...
compiling core_cm3.c...
compiling system_stm32f10x.c...
compiling stm32_eval.c...
Target not created
Build target 'stm32-fd-sd-usb'
compiling hw_config.c...
..\src\hw_config.c(51): warning:  #223-D: function "Serial_Init" declared implicitly
compiling main.c...
..\src\main.c(50): warning:  #223-D: function "SPI_Flash_Init" declared implicitly
compiling mass_mal.c...
..\src\mass_mal.c(101): warning:  #223-D: function "SST25_W_BLOCK" declared implicitly
..\src\mass_mal.c(131): warning:  #223-D: function "SST25_R_BLOCK" declared implicitly
..\src\mass_mal.c(159): warning:  #223-D: function "FlashReadID" declared implicitly
compiling memory.c...
compiling scsi_data.c...
compiling stm32f10x_it.c...
compiling usb_bot.c...
compiling usb_desc.c...
compiling usb_endp.c...
compiling usb_istr.c...
compiling usb_prop.c...
compiling usb_pwr.c...
compiling usb_scsi.c...
compiling SPI_Flash.c...
compiling usb_core.c...
compiling usb_init.c...
compiling usb_int.c...
compiling usb_mem.c...
compiling usb_regs.c...
compiling usb_sil.c...
compiling stm32f10x_spi.c...
compiling stm32f10x_usart.c...
compiling misc.c...
compiling stm32f10x_exti.c...
compiling stm32f10x_flash.c...
compiling stm32f10x_gpio.c...
compiling stm32f10x_rcc.c...
assembling startup_stm32f10x_hd.s...
compiling core_cm3.c...
compiling system_stm32f10x.c...
compiling stm32_eval.c...
linking...
Program Size: Code=19252 RO-data=644 RW-data=600 ZI-data=9360  
FromELF: creating hex file...
"stm32-fd-sd-usb.axf" - 0 Error(s), 5 Warning(s).
